
  VITE v5.4.21  ready in 119 ms

  ➜  Local:   http://localhost:5000/
  ➜  Network: http://9.96.251.74:5000/
  ➜  Network: http://169.254.102.166:5000/
Error: The following dependencies are imported but could not be resolved:

  antd-mobile (imported by /workspace/projects/zhongxiang-mochoubang/frontend/src/pages/RegisterPage.tsx)
  antd-mobile-icons (imported by /workspace/projects/zhongxiang-mochoubang/frontend/src/pages/HomePage.tsx)

Are they installed?
    at file:///workspace/projects/zhongxiang-mochoubang/frontend/node_modules/.pnpm/vite@5.4.21/node_modules/vite/dist/node/chunks/dep-BK3b2jBa.js:50669:15
    at process.processTicksAndRejections (node:internal/process/task_queues:104:5)
    at async file:///workspace/projects/zhongxiang-mochoubang/frontend/node_modules/.pnpm/vite@5.4.21/node_modules/vite/dist/node/chunks/dep-BK3b2jBa.js:50174:26
8:03:10 AM [vite] Pre-transform error: Failed to resolve import "antd-mobile" from "src/pages/HomePage.tsx". Does the file exist?
8:03:10 AM [vite] Pre-transform error: Failed to resolve import "antd-mobile" from "src/pages/RegisterPage.tsx". Does the file exist?
8:03:10 AM [vite] Pre-transform error: Failed to resolve import "antd-mobile" from "src/pages/SquarePage.tsx". Does the file exist?
8:03:10 AM [vite] Pre-transform error: Failed to resolve import "antd-mobile" from "src/pages/NearbyPage.tsx". Does the file exist?
8:03:10 AM [vite] Pre-transform error: Failed to resolve import "antd-mobile" from "src/pages/LoginPage.tsx". Does the file exist?
8:03:10 AM [vite] Pre-transform error: Failed to resolve import "antd-mobile" from "src/pages/MyPage.tsx". Does the file exist?
8:03:10 AM [vite] Pre-transform error: Failed to resolve import "antd-mobile" from "src/pages/MessagePage.tsx". Does the file exist?
8:03:12 AM [vite] Internal server error: Failed to resolve import "antd-mobile" from "src/pages/HomePage.tsx". Does the file exist?
  Plugin: vite:import-analysis
  File: /workspace/projects/zhongxiang-mochoubang/frontend/src/pages/HomePage.tsx:3:36
  18 |  import { useState } from "react";
  19 |  import { useNavigate } from "react-router-dom";
  20 |  import { Card, TabBar } from "antd-mobile";
     |                                ^
  21 |  import {
  22 |    EnvironmentOutline,
      at TransformPluginContext._formatError (file:///workspace/projects/zhongxiang-mochoubang/frontend/node_modules/.pnpm/vite@5.4.21/node_modules/vite/dist/node/chunks/dep-BK3b2jBa.js:49258:41)
      at TransformPluginContext.error (file:///workspace/projects/zhongxiang-mochoubang/frontend/node_modules/.pnpm/vite@5.4.21/node_modules/vite/dist/node/chunks/dep-BK3b2jBa.js:49253:16)
      at normalizeUrl (file:///workspace/projects/zhongxiang-mochoubang/frontend/node_modules/.pnpm/vite@5.4.21/node_modules/vite/dist/node/chunks/dep-BK3b2jBa.js:64307:23)
      at process.processTicksAndRejections (node:internal/process/task_queues:104:5)
      at async file:///workspace/projects/zhongxiang-mochoubang/frontend/node_modules/.pnpm/vite@5.4.21/node_modules/vite/dist/node/chunks/dep-BK3b2jBa.js:64439:39
      at async Promise.all (index 5)
      at async TransformPluginContext.transform (file:///workspace/projects/zhongxiang-mochoubang/frontend/node_modules/.pnpm/vite@5.4.21/node_modules/vite/dist/node/chunks/dep-BK3b2jBa.js:64366:7)
      at async PluginContainer.transform (file:///workspace/projects/zhongxiang-mochoubang/frontend/node_modules/.pnpm/vite@5.4.21/node_modules/vite/dist/node/chunks/dep-BK3b2jBa.js:49099:18)
      at async loadAndTransform (file:///workspace/projects/zhongxiang-mochoubang/frontend/node_modules/.pnpm/vite@5.4.21/node_modules/vite/dist/node/chunks/dep-BK3b2jBa.js:51978:27)
      at async viteTransformMiddleware (file:///workspace/projects/zhongxiang-mochoubang/frontend/node_modules/.pnpm/vite@5.4.21/node_modules/vite/dist/node/chunks/dep-BK3b2jBa.js:62106:24)
8:03:12 AM [vite] Internal server error: Failed to resolve import "antd-mobile" from "src/pages/RegisterPage.tsx". Does the file exist?
  Plugin: vite:import-analysis
  File: /workspace/projects/zhongxiang-mochoubang/frontend/src/pages/RegisterPage.tsx:3:50
  18 |  import { useState } from "react";
  19 |  import { useNavigate } from "react-router-dom";
  20 |  import { Form, Input, Button, Radio, Toast } from "antd-mobile";
     |                                                     ^
  21 |  import { api } from "../services/api";
  22 |  import styles from "./RegisterPage.module.css";
      at TransformPluginContext._formatError (file:///workspace/projects/zhongxiang-mochoubang/frontend/node_modules/.pnpm/vite@5.4.21/node_modules/vite/dist/node/chunks/dep-BK3b2jBa.js:49258:41)
      at TransformPluginContext.error (file:///workspace/projects/zhongxiang-mochoubang/frontend/node_modules/.pnpm/vite@5.4.21/node_modules/vite/dist/node/chunks/dep-BK3b2jBa.js:49253:16)
      at normalizeUrl (file:///workspace/projects/zhongxiang-mochoubang/frontend/node_modules/.pnpm/vite@5.4.21/node_modules/vite/dist/node/chunks/dep-BK3b2jBa.js:64307:23)
      at process.processTicksAndRejections (node:internal/process/task_queues:104:5)
      at async file:///workspace/projects/zhongxiang-mochoubang/frontend/node_modules/.pnpm/vite@5.4.21/node_modules/vite/dist/node/chunks/dep-BK3b2jBa.js:64439:39
      at async Promise.all (index 5)
      at async TransformPluginContext.transform (file:///workspace/projects/zhongxiang-mochoubang/frontend/node_modules/.pnpm/vite@5.4.21/node_modules/vite/dist/node/chunks/dep-BK3b2jBa.js:64366:7)
      at async PluginContainer.transform (file:///workspace/projects/zhongxiang-mochoubang/frontend/node_modules/.pnpm/vite@5.4.21/node_modules/vite/dist/node/chunks/dep-BK3b2jBa.js:49099:18)
      at async loadAndTransform (file:///workspace/projects/zhongxiang-mochoubang/frontend/node_modules/.pnpm/vite@5.4.21/node_modules/vite/dist/node/chunks/dep-BK3b2jBa.js:51978:27)
      at async viteTransformMiddleware (file:///workspace/projects/zhongxiang-mochoubang/frontend/node_modules/.pnpm/vite@5.4.21/node_modules/vite/dist/node/chunks/dep-BK3b2jBa.js:62106:24)
8:03:12 AM [vite] Internal server error: Failed to resolve import "antd-mobile" from "src/pages/LoginPage.tsx". Does the file exist?
  Plugin: vite:import-analysis
  File: /workspace/projects/zhongxiang-mochoubang/frontend/src/pages/LoginPage.tsx:3:43
  18 |  import { useState } from "react";
  19 |  import { useNavigate } from "react-router-dom";
  20 |  import { Form, Input, Button, Toast } from "antd-mobile";
     |                                              ^
  21 |  import { api } from "../services/api";
  22 |  import styles from "./LoginPage.module.css";
      at TransformPluginContext._formatError (file:///workspace/projects/zhongxiang-mochoubang/frontend/node_modules/.pnpm/vite@5.4.21/node_modules/vite/dist/node/chunks/dep-BK3b2jBa.js:49258:41)
      at TransformPluginContext.error (file:///workspace/projects/zhongxiang-mochoubang/frontend/node_modules/.pnpm/vite@5.4.21/node_modules/vite/dist/node/chunks/dep-BK3b2jBa.js:49253:16)
      at normalizeUrl (file:///workspace/projects/zhongxiang-mochoubang/frontend/node_modules/.pnpm/vite@5.4.21/node_modules/vite/dist/node/chunks/dep-BK3b2jBa.js:64307:23)
      at process.processTicksAndRejections (node:internal/process/task_queues:104:5)
      at async file:///workspace/projects/zhongxiang-mochoubang/frontend/node_modules/.pnpm/vite@5.4.21/node_modules/vite/dist/node/chunks/dep-BK3b2jBa.js:64439:39
      at async Promise.all (index 5)
      at async TransformPluginContext.transform (file:///workspace/projects/zhongxiang-mochoubang/frontend/node_modules/.pnpm/vite@5.4.21/node_modules/vite/dist/node/chunks/dep-BK3b2jBa.js:64366:7)
      at async PluginContainer.transform (file:///workspace/projects/zhongxiang-mochoubang/frontend/node_modules/.pnpm/vite@5.4.21/node_modules/vite/dist/node/chunks/dep-BK3b2jBa.js:49099:18)
      at async loadAndTransform (file:///workspace/projects/zhongxiang-mochoubang/frontend/node_modules/.pnpm/vite@5.4.21/node_modules/vite/dist/node/chunks/dep-BK3b2jBa.js:51978:27)
      at async viteTransformMiddleware (file:///workspace/projects/zhongxiang-mochoubang/frontend/node_modules/.pnpm/vite@5.4.21/node_modules/vite/dist/node/chunks/dep-BK3b2jBa.js:62106:24)
8:03:12 AM [vite] Internal server error: Failed to resolve import "antd-mobile" from "src/pages/SquarePage.tsx". Does the file exist?
  Plugin: vite:import-analysis
  File: /workspace/projects/zhongxiang-mochoubang/frontend/src/pages/SquarePage.tsx:2:34
  17 |  var _s = $RefreshSig$();
  18 |  import { useState, useEffect } from "react";
  19 |  import { Card, Tabs, Empty } from "antd-mobile";
     |                                     ^
  20 |  import { api } from "../services/api";
  21 |  import styles from "./SquarePage.module.css";
      at TransformPluginContext._formatError (file:///workspace/projects/zhongxiang-mochoubang/frontend/node_modules/.pnpm/vite@5.4.21/node_modules/vite/dist/node/chunks/dep-BK3b2jBa.js:49258:41)
      at TransformPluginContext.error (file:///workspace/projects/zhongxiang-mochoubang/frontend/node_modules/.pnpm/vite@5.4.21/node_modules/vite/dist/node/chunks/dep-BK3b2jBa.js:49253:16)
      at normalizeUrl (file:///workspace/projects/zhongxiang-mochoubang/frontend/node_modules/.pnpm/vite@5.4.21/node_modules/vite/dist/node/chunks/dep-BK3b2jBa.js:64307:23)
      at process.processTicksAndRejections (node:internal/process/task_queues:104:5)
      at async file:///workspace/projects/zhongxiang-mochoubang/frontend/node_modules/.pnpm/vite@5.4.21/node_modules/vite/dist/node/chunks/dep-BK3b2jBa.js:64439:39
      at async Promise.all (index 4)
      at async TransformPluginContext.transform (file:///workspace/projects/zhongxiang-mochoubang/frontend/node_modules/.pnpm/vite@5.4.21/node_modules/vite/dist/node/chunks/dep-BK3b2jBa.js:64366:7)
      at async PluginContainer.transform (file:///workspace/projects/zhongxiang-mochoubang/frontend/node_modules/.pnpm/vite@5.4.21/node_modules/vite/dist/node/chunks/dep-BK3b2jBa.js:49099:18)
      at async loadAndTransform (file:///workspace/projects/zhongxiang-mochoubang/frontend/node_modules/.pnpm/vite@5.4.21/node_modules/vite/dist/node/chunks/dep-BK3b2jBa.js:51978:27)
      at async viteTransformMiddleware (file:///workspace/projects/zhongxiang-mochoubang/frontend/node_modules/.pnpm/vite@5.4.21/node_modules/vite/dist/node/chunks/dep-BK3b2jBa.js:62106:24)
8:03:12 AM [vite] Internal server error: Failed to resolve import "antd-mobile" from "src/pages/NearbyPage.tsx". Does the file exist?
  Plugin: vite:import-analysis
  File: /workspace/projects/zhongxiang-mochoubang/frontend/src/pages/NearbyPage.tsx:2:41
  17 |  var _s = $RefreshSig$();
  18 |  import { useState, useEffect } from "react";
  19 |  import { List, Avatar, Tag, Empty } from "antd-mobile";
     |                                            ^
  20 |  import { api } from "../services/api";
  21 |  import styles from "./NearbyPage.module.css";
      at TransformPluginContext._formatError (file:///workspace/projects/zhongxiang-mochoubang/frontend/node_modules/.pnpm/vite@5.4.21/node_modules/vite/dist/node/chunks/dep-BK3b2jBa.js:49258:41)
      at TransformPluginContext.error (file:///workspace/projects/zhongxiang-mochoubang/frontend/node_modules/.pnpm/vite@5.4.21/node_modules/vite/dist/node/chunks/dep-BK3b2jBa.js:49253:16)
      at normalizeUrl (file:///workspace/projects/zhongxiang-mochoubang/frontend/node_modules/.pnpm/vite@5.4.21/node_modules/vite/dist/node/chunks/dep-BK3b2jBa.js:64307:23)
      at process.processTicksAndRejections (node:internal/process/task_queues:104:5)
      at async file:///workspace/projects/zhongxiang-mochoubang/frontend/node_modules/.pnpm/vite@5.4.21/node_modules/vite/dist/node/chunks/dep-BK3b2jBa.js:64439:39
      at async Promise.all (index 4)
      at async TransformPluginContext.transform (file:///workspace/projects/zhongxiang-mochoubang/frontend/node_modules/.pnpm/vite@5.4.21/node_modules/vite/dist/node/chunks/dep-BK3b2jBa.js:64366:7)
      at async PluginContainer.transform (file:///workspace/projects/zhongxiang-mochoubang/frontend/node_modules/.pnpm/vite@5.4.21/node_modules/vite/dist/node/chunks/dep-BK3b2jBa.js:49099:18)
      at async loadAndTransform (file:///workspace/projects/zhongxiang-mochoubang/frontend/node_modules/.pnpm/vite@5.4.21/node_modules/vite/dist/node/chunks/dep-BK3b2jBa.js:51978:27)
      at async viteTransformMiddleware (file:///workspace/projects/zhongxiang-mochoubang/frontend/node_modules/.pnpm/vite@5.4.21/node_modules/vite/dist/node/chunks/dep-BK3b2jBa.js:62106:24)
8:03:12 AM [vite] Internal server error: Failed to resolve import "antd-mobile" from "src/pages/MessagePage.tsx". Does the file exist?
  Plugin: vite:import-analysis
  File: /workspace/projects/zhongxiang-mochoubang/frontend/src/pages/MessagePage.tsx:2:36
  17 |  var _s = $RefreshSig$();
  18 |  import { useState, useEffect } from "react";
  19 |  import { List, Avatar, Empty } from "antd-mobile";
     |                                       ^
  20 |  import { useNavigate } from "react-router-dom";
  21 |  import { api } from "../services/api";
      at TransformPluginContext._formatError (file:///workspace/projects/zhongxiang-mochoubang/frontend/node_modules/.pnpm/vite@5.4.21/node_modules/vite/dist/node/chunks/dep-BK3b2jBa.js:49258:41)
      at TransformPluginContext.error (file:///workspace/projects/zhongxiang-mochoubang/frontend/node_modules/.pnpm/vite@5.4.21/node_modules/vite/dist/node/chunks/dep-BK3b2jBa.js:49253:16)
      at normalizeUrl (file:///workspace/projects/zhongxiang-mochoubang/frontend/node_modules/.pnpm/vite@5.4.21/node_modules/vite/dist/node/chunks/dep-BK3b2jBa.js:64307:23)
      at process.processTicksAndRejections (node:internal/process/task_queues:104:5)
      at async file:///workspace/projects/zhongxiang-mochoubang/frontend/node_modules/.pnpm/vite@5.4.21/node_modules/vite/dist/node/chunks/dep-BK3b2jBa.js:64439:39
      at async Promise.all (index 4)
      at async TransformPluginContext.transform (file:///workspace/projects/zhongxiang-mochoubang/frontend/node_modules/.pnpm/vite@5.4.21/node_modules/vite/dist/node/chunks/dep-BK3b2jBa.js:64366:7)
      at async PluginContainer.transform (file:///workspace/projects/zhongxiang-mochoubang/frontend/node_modules/.pnpm/vite@5.4.21/node_modules/vite/dist/node/chunks/dep-BK3b2jBa.js:49099:18)
      at async loadAndTransform (file:///workspace/projects/zhongxiang-mochoubang/frontend/node_modules/.pnpm/vite@5.4.21/node_modules/vite/dist/node/chunks/dep-BK3b2jBa.js:51978:27)
      at async viteTransformMiddleware (file:///workspace/projects/zhongxiang-mochoubang/frontend/node_modules/.pnpm/vite@5.4.21/node_modules/vite/dist/node/chunks/dep-BK3b2jBa.js:62106:24)
8:03:13 AM [vite] Internal server error: Failed to resolve import "antd-mobile" from "src/pages/MyPage.tsx". Does the file exist?
  Plugin: vite:import-analysis
  File: /workspace/projects/zhongxiang-mochoubang/frontend/src/pages/MyPage.tsx:2:53
  17 |  var _s = $RefreshSig$();
  18 |  import { useState, useEffect } from "react";
  19 |  import { Tag, Button, Grid, Empty } from "antd-mobile";
     |                                            ^
  20 |  import { useNavigate } from "react-router-dom";
  21 |  import { api } from "../services/api";
      at TransformPluginContext._formatError (file:///workspace/projects/zhongxiang-mochoubang/frontend/node_modules/.pnpm/vite@5.4.21/node_modules/vite/dist/node/chunks/dep-BK3b2jBa.js:49258:41)
      at TransformPluginContext.error (file:///workspace/projects/zhongxiang-mochoubang/frontend/node_modules/.pnpm/vite@5.4.21/node_modules/vite/dist/node/chunks/dep-BK3b2jBa.js:49253:16)
      at normalizeUrl (file:///workspace/projects/zhongxiang-mochoubang/frontend/node_modules/.pnpm/vite@5.4.21/node_modules/vite/dist/node/chunks/dep-BK3b2jBa.js:64307:23)
      at process.processTicksAndRejections (node:internal/process/task_queues:104:5)
      at async file:///workspace/projects/zhongxiang-mochoubang/frontend/node_modules/.pnpm/vite@5.4.21/node_modules/vite/dist/node/chunks/dep-BK3b2jBa.js:64439:39
      at async Promise.all (index 4)
      at async TransformPluginContext.transform (file:///workspace/projects/zhongxiang-mochoubang/frontend/node_modules/.pnpm/vite@5.4.21/node_modules/vite/dist/node/chunks/dep-BK3b2jBa.js:64366:7)
      at async PluginContainer.transform (file:///workspace/projects/zhongxiang-mochoubang/frontend/node_modules/.pnpm/vite@5.4.21/node_modules/vite/dist/node/chunks/dep-BK3b2jBa.js:49099:18)
      at async loadAndTransform (file:///workspace/projects/zhongxiang-mochoubang/frontend/node_modules/.pnpm/vite@5.4.21/node_modules/vite/dist/node/chunks/dep-BK3b2jBa.js:51978:27)
      at async viteTransformMiddleware (file:///workspace/projects/zhongxiang-mochoubang/frontend/node_modules/.pnpm/vite@5.4.21/node_modules/vite/dist/node/chunks/dep-BK3b2jBa.js:62106:24)
